[2026-05-23T15:22:38.183Z] GET http://localhost:5175/ → 200 (22ms, 1173B)
[2026-05-23T15:22:38.215Z] GET http://localhost:5175/@vite/client → 200 (18ms, 137725B)
[2026-05-23T15:22:38.215Z] GET https://cdn.tailwindcss.com/ → 302 (158ms, ?B)
[2026-05-23T15:22:38.215Z] GET https://fonts.googleapis.com/css2?family=Caveat:wght@400;600&family=JetBrains+Mono:wght@400;500&family=Space+Grotesk:wght@500;700;900&display=swap → 200 (168ms, 10556B)
[2026-05-23T15:22:38.215Z] GET http://localhost:5175/src/main.jsx?t=1779549750275 → 200 (17ms, 2089B)
[2026-05-23T15:22:38.220Z] GET http://localhost:5175/@react-refresh → 200 (16ms, 117548B)
[2026-05-23T15:22:38.233Z] GET http://localhost:5175/node_modules/vite/dist/client/env.mjs → 200 (3ms, 4021B)
[2026-05-23T15:22:38.374Z] GET https://cdn.tailwindcss.com/3.4.17 → 200 (56ms, 407279B)
[2026-05-23T15:22:38.516Z] GET http://localhost:5175/node_modules/.vite/deps/react_jsx-dev-runtime.js?v=f806c560 → 200 (9ms, 36963B)
[2026-05-23T15:22:38.516Z] GET http://localhost:5175/node_modules/.vite/deps/react.js?v=f806c560 → 200 (11ms, 155B)
[2026-05-23T15:22:38.516Z] GET http://localhost:5175/node_modules/.vite/deps/react-dom_client.js?v=fa9b68fc → 200 (13ms, 1054B)
[2026-05-23T15:22:38.516Z] GET http://localhost:5175/src/App.jsx?t=1779549750275 → 200 (13ms, 9931B)
[2026-05-23T15:22:38.529Z] GET http://localhost:5175/node_modules/.vite/deps/chunk-REFQX4J5.js?v=5a14284f → 200 (4ms, 77956B)
[2026-05-23T15:22:38.529Z] GET http://localhost:5175/node_modules/.vite/deps/chunk-373CG7ZK.js?v=5a14284f → 200 (106ms, 928023B)
[2026-05-23T15:22:38.530Z] GET http://localhost:5175/src/content/chapters.js → 200 (58ms, 800153B)
[2026-05-23T15:22:38.530Z] GET http://localhost:5175/src/components/Landing.jsx → 200 (55ms, 16995B)
[2026-05-23T15:22:38.531Z] GET http://localhost:5175/src/components/CoursePage.jsx → 200 (105ms, 16163B)
[2026-05-23T15:22:38.636Z] GET http://localhost:5175/src/components/Sidebar.jsx → 200 (31ms, 17401B)
[2026-05-23T15:22:38.636Z] GET http://localhost:5175/src/components/LearnTab.jsx → 200 (56ms, 23952B)
[2026-05-23T15:22:38.636Z] GET http://localhost:5175/src/components/VerifyTab.jsx → 200 (56ms, 22440B)
[2026-05-23T15:22:38.667Z] GET http://localhost:5175/src/components/ActTab.jsx → 200 (44ms, 12076B)
[2026-05-23T15:22:38.810Z] GET https://fonts.gstatic.com/s/spacegrotesk/v22/V8mDoQDjQSkFtoMM3T6r8E7mPbF4C_k3HqU.woff2 → 200 (61ms, 22320B)
[2026-05-23T15:22:38.810Z] GET https://fonts.gstatic.com/s/jetbrainsmono/v24/tDbv2o-flEEny0FZhsfKu5WU4zr3E_BX0PnT8RD8yKwBNntkaToggR7BYRbKPxDcwgknk-4.woff2 → 200 (74ms, 31340B)
[2026-05-23T15:34:26.197Z] GET http://localhost:5175/ → 302 (36ms, ?B)
[2026-05-23T15:34:26.236Z] GET http://localhost:5175/apprendre-cc/ → 204 (8ms, ?B)
[2026-05-23T15:34:26.272Z] GET http://localhost:5175/ → 302 (6ms, ?B)
[2026-05-23T15:34:26.278Z] GET http://localhost:5175/apprendre-cc/ → 200 (5ms, 1196B)
[2026-05-23T15:34:26.359Z] GET http://localhost:5175/apprendre-cc/@vite/client → 200 (111ms, 138067B)
[2026-05-23T15:34:26.359Z] GET https://cdn.tailwindcss.com/ → 200 (1ms, 407279B)
[2026-05-23T15:34:26.360Z] GET https://fonts.googleapis.com/css2?family=Caveat:wght@400;600&family=JetBrains+Mono:wght@400;500&family=Space+Grotesk:wght@500;700;900&display=swap → 200 (?ms, 10556B)
[2026-05-23T15:34:26.360Z] GET http://localhost:5175/apprendre-cc/src/main.jsx → 200 (6ms, 2125B)
[2026-05-23T15:34:26.460Z] GET https://fonts.gstatic.com/s/jetbrainsmono/v24/tDbv2o-flEEny0FZhsfKu5WU4zr3E_BX0PnT8RD8yKwBNntkaToggR7BYRbKPxDcwgknk-4.woff2 → 200 (1ms, ?B)
[2026-05-23T15:34:26.461Z] GET https://fonts.gstatic.com/s/spacegrotesk/v22/V8mDoQDjQSkFtoMM3T6r8E7mPbF4C_k3HqU.woff2 → 200 (?ms, ?B)
[2026-05-23T15:34:26.467Z] GET http://localhost:5175/apprendre-cc/@react-refresh → 200 (6ms, 117605B)
[2026-05-23T15:34:26.471Z] GET http://localhost:5175/apprendre-cc/node_modules/.vite/deps/react_jsx-dev-runtime.js?v=460717ae → 200 (2ms, 36976B)
[2026-05-23T15:34:26.471Z] GET http://localhost:5175/apprendre-cc/node_modules/.vite/deps/react.js?v=460717ae → 200 (2ms, 168B)
[2026-05-23T15:34:26.471Z] GET http://localhost:5175/apprendre-cc/node_modules/.vite/deps/react-dom_client.js?v=460717ae → 200 (2ms, 1080B)
[2026-05-23T15:34:26.472Z] GET http://localhost:5175/apprendre-cc/src/App.jsx → 200 (2ms, 10022B)
[2026-05-23T15:34:26.472Z] GET http://localhost:5175/apprendre-cc/node_modules/vite/dist/client/env.mjs → 200 (3ms, 4021B)
[2026-05-23T15:34:26.473Z] GET http://localhost:5175/apprendre-cc/node_modules/.vite/deps/chunk-REFQX4J5.js?v=460717ae → 200 (1ms, 77956B)
[2026-05-23T15:34:26.474Z] GET http://localhost:5175/apprendre-cc/node_modules/.vite/deps/chunk-373CG7ZK.js?v=460717ae → 200 (32ms, ?B)
[2026-05-23T15:34:26.475Z] GET http://localhost:5175/apprendre-cc/src/content/chapters.js → 200 (31ms, 800153B)
[2026-05-23T15:34:26.475Z] GET http://localhost:5175/apprendre-cc/src/components/Landing.jsx → 200 (30ms, 17047B)
[2026-05-23T15:34:26.475Z] GET http://localhost:5175/apprendre-cc/src/components/CoursePage.jsx → 200 (30ms, 16267B)
[2026-05-23T15:34:26.505Z] GET http://localhost:5175/apprendre-cc/src/components/Sidebar.jsx → 200 (1ms, 17453B)
[2026-05-23T15:34:26.505Z] GET http://localhost:5175/apprendre-cc/src/components/LearnTab.jsx → 200 (1ms, 23991B)
[2026-05-23T15:34:26.505Z] GET http://localhost:5175/apprendre-cc/src/components/VerifyTab.jsx → 200 (1ms, ?B)
[2026-05-23T15:34:26.505Z] GET http://localhost:5175/apprendre-cc/src/components/ActTab.jsx → 200 (1ms, ?B)
